{
    "id": "@string@",
    "name": "@string@",
    "logo": "@string@",
    "slogan": "@string@"
}