{
    "code": 400,
    "message": "Validation failed",
    "errors": {
        "description": [
            "@string@"
        ],
        "website": [
            "@string@"
        ],
        "location": [
            "@string@"
        ],
        "title": [
            "@string@"
        ]
    }
}