{
    "page": 1,
    "limit": "@integer@",
    "pages": 1,
    "total": 2,
    "links": {
        "self": "/api/jobs?page=1&limit=20",
        "first": "/api/jobs?page=1&limit=20",
        "last": "/api/jobs?page=1&limit=20",
        "next": "/api/jobs?page=1&limit=20"
    },
    "items": "@array@"
}