{
    "code": 400,
    "message": "Validation failed",
    "errors": {
        "userId": [
            "@string@"
        ],
        "confirmationToken": [
            "@string@"
        ]
    }
}