{
  "code": 400,
  "message": "Validation failed",
  "errors": {
    "email": [
      "@string@"
    ],
    "password": [
      "@string@"
    ]
  }
}