{
    "email": "@string@",
    "name": "@string@",
    "memberSince": "@string@.isDateTime()"
}
